[Whaleoptionspro.com/index.html]
[Whaleoptionspro.com/main/assets/css/style.css]
[Whaleoptionspro.com/main/assets/favicon.png]
[backblue.gif]
[fade.gif]
[index.html]
[Whaleoptionspro.com/main/assets/css/styledb6.css]
[Whaleoptionspro.com/main/assets/hero-bg.png]
[Whaleoptionspro.com/main/assets/logo.png]
[Whaleoptionspro.com/about.html]
[Whaleoptionspro.com/option-copy-trading.html]
[Whaleoptionspro.com/advance-trading.html]
[Whaleoptionspro.com/live-trading.html]
[Whaleoptionspro.com/swing-trading.html]
[Whaleoptionspro.com/futures.html]
[Whaleoptionspro.com/option-trading.html]
[Whaleoptionspro.com/oil-and-gas.html]
[Whaleoptionspro.com/software.html]
[Whaleoptionspro.com/insight.html]
[Whaleoptionspro.com/register.html]
[Whaleoptionspro.com/main/assets/bg-1.mp4]
[Whaleoptionspro.com/login.html]
[Whaleoptionspro.com/Certificate-of-Incorporation-Copy-Trade.pdf]
[Whaleoptionspro.com/main/assets/pexels-tima-miroshnichenko-7567565.jpg]
[Whaleoptionspro.com/main/assets/960.webp]
[Whaleoptionspro.com/main/assets/pexels-anna-nekrashevich-6801647.jpg]
[Whaleoptionspro.com/main/assets/pexels-george-morina-4960396.jpg]
[Whaleoptionspro.com/main/assets/pexels-alphatradezone-5831671.jpg]
[Whaleoptionspro.com/main/assets/pexels-alphatradezone-5833756.jpg]
[Whaleoptionspro.com/main/assets/pexels-karolina-grabowska-7876672.jpg]
[Whaleoptionspro.com/main/assets/pexels-leeloo-thefirst-7873553.jpg]
[Whaleoptionspro.com/main/assets/pexels-janrune-smenes-reite-3207536.jpg]
[Whaleoptionspro.com/main/assets/social-bg.jpg]
[Whaleoptionspro.com/main/assets/chat-bg.jpg]
[Whaleoptionspro.com/main/assets/pexels-anna-nekrashevich-6801872.jpg]
[Whaleoptionspro.com/s3.tradingview.com/external-embedding/embed-widget-forex-cross-rates.js]
[Whaleoptionspro.com/main/assets/pexels-burak-the-weekender-187041.jpg]
[Whaleoptionspro.com/main/assets/pexels-liza-summer-6347702.jpg]
[Whaleoptionspro.com/main/assets/header-campus.webp]
[Whaleoptionspro.com/translate.google.com/translate_a/elementa0d8.23a0d8.delayed]
[www.smartsuppchat.com/loaderd41d.js]
[Whaleoptionspro.com/“https_/www.smartsupp.com”]
[Whaleoptionspro.com/index.html]
[Whaleoptionspro.com/main/assets/css/style.css]
[Whaleoptionspro.com/main/assets/css/styledb6.css]
[Whaleoptionspro.com/main/assets/pexels-vlada-karpovich-7433853.jpg]
[Whaleoptionspro.com/about.html]
[Whaleoptionspro.com/option-copy-trading.html]
[Whaleoptionspro.com/main/assets/pexels-alesia-kozik-6771900.jpg]
[Whaleoptionspro.com/advance-trading.html]
[Whaleoptionspro.com/main/assets/pexels-artem-podrez-5715853.jpg]
[Whaleoptionspro.com/live-trading.html]
[Whaleoptionspro.com/swing-trading.html]
[Whaleoptionspro.com/main/assets/pexels-tima-miroshnichenko-7567441.jpg]
[Whaleoptionspro.com/futures.html]
[Whaleoptionspro.com/main/assets/pexels-tima-miroshnichenko-7567228.jpg]
[Whaleoptionspro.com/option-trading.html]
[Whaleoptionspro.com/main/assets/pexels-johannes-havn-1716008.jpg]
[Whaleoptionspro.com/oil-and-gas.html]
[Whaleoptionspro.com/main/assets/tastytrade_fullcolor_RGB-300x55_(8).svg]
[Whaleoptionspro.com/main/assets/tradier-logo.svg]
[Whaleoptionspro.com/main/assets/ib-logo-text-black.svg]
[Whaleoptionspro.com/main/assets/PersonalLogo-cac8adf49ad92613b03ea2ec2251d81d.svg]
[Whaleoptionspro.com/main/assets/6131d53c9d3264ee1c020fb9_logo.svg]
[Whaleoptionspro.com/main/assets/eoption-logo.png]
[Whaleoptionspro.com/software.html]
[Whaleoptionspro.com/main/assets/5191079.jpg]
[Whaleoptionspro.com/insight.html]
[Whaleoptionspro.com/main/dashboard/css/all.min.css]
[Whaleoptionspro.com/main/dashboard/css/line-awesome.min.css]
[Whaleoptionspro.com/main/dashboard/css/lib/animate.html]
[Whaleoptionspro.com/main/dashboard/css/lib/slick.html]
[Whaleoptionspro.com/main/dashboard/css/bootstrap.min.css]
[Whaleoptionspro.com/main/dashboard/css/lib/magnific-popup.html]
[Whaleoptionspro.com/main/dashboard/css/lib/apexcharts.html]
[Whaleoptionspro.com/main/dashboard/css/main.css]
[Whaleoptionspro.com/main/dashboard/css/custom.css]
[Whaleoptionspro.com/main/dashboard/images/logo.png]
[Whaleoptionspro.com/main/dashboard/js/jquery-3.6.0.min.js]
[Whaleoptionspro.com/main/dashboard/js/bootstrap.bundle.min.js]
[Whaleoptionspro.com/main/dashboard/js/lib/slick.min.html]
[Whaleoptionspro.com/main/dashboard/js/lib/magnific-popup.min.html]
[Whaleoptionspro.com/main/dashboard/js/lib/apexcharts.min.html]
[Whaleoptionspro.com/main/dashboard/js/main.js]
[Whaleoptionspro.com/main/dashboard/css/iziToast.min.css]
[Whaleoptionspro.com/main/dashboard/js/iziToast.min.js]
[translate.google.com/translate_a/elementa0d8.js]
[Whaleoptionspro.com/register.html]
[Whaleoptionspro.com/login.html]
[Whaleoptionspro.com/s3.tradingview.com/external-embedding/embed-widget-forex-cross-rates.html]
[Whaleoptionspro.com/translate.google.com/translate_a/elementa0d8a0d8.html]
[Whaleoptionspro.com/“https_/www.smartsupp.html]
[Whaleoptionspro.com/main/assets/tastytrade_fullcolor_RGB-300x55_(8).svg]
[Whaleoptionspro.com/main/assets/tradier-logo.svg]
[Whaleoptionspro.com/main/assets/ib-logo-text-black.svg]
[Whaleoptionspro.com/main/assets/PersonalLogo-cac8adf49ad92613b03ea2ec2251d81d.svg]
[Whaleoptionspro.com/main/assets/6131d53c9d3264ee1c020fb9_logo.svg]
[Whaleoptionspro.com/forgot-password.html]
[Whaleoptionspro.com/main/dashboard/css/bootstrap.min.css]
[Whaleoptionspro.com/main/dashboard/webfonts/fa-brands-400.html]
[Whaleoptionspro.com/main/dashboard/webfonts/fa-brands-400d41dd41dd41d.html]
[Whaleoptionspro.com/main/dashboard/webfonts/fa-brands-401.html]
[Whaleoptionspro.com/main/dashboard/webfonts/fa-brands-402.html]
[Whaleoptionspro.com/main/dashboard/webfonts/fa-brands-403.html]
[Whaleoptionspro.com/main/dashboard/webfonts/fa-brands-404.html]
[Whaleoptionspro.com/main/dashboard/webfonts/fa-regular-400.html]
[Whaleoptionspro.com/main/dashboard/webfonts/fa-regular-400d41dd41dd41d.html]
[Whaleoptionspro.com/main/dashboard/webfonts/fa-regular-400.woff2]
[Whaleoptionspro.com/main/dashboard/webfonts/fa-regular-401.html]
[Whaleoptionspro.com/main/dashboard/webfonts/fa-regular-402.html]
[Whaleoptionspro.com/main/dashboard/webfonts/fa-regular-403.html]
[Whaleoptionspro.com/main/dashboard/webfonts/fa-solid-900.html]
[Whaleoptionspro.com/main/dashboard/webfonts/fa-solid-900d41dd41dd41d.html]
[Whaleoptionspro.com/main/dashboard/webfonts/fa-solid-900.woff2]
[Whaleoptionspro.com/main/dashboard/webfonts/fa-solid-901.html]
[Whaleoptionspro.com/main/dashboard/webfonts/fa-solid-902.html]
[Whaleoptionspro.com/main/dashboard/css/all.min.css]
[Whaleoptionspro.com/main/dashboard/webfonts/fa-solid-903.html]
[Whaleoptionspro.com/main/dashboard/fonts/la-brands-400.html]
[Whaleoptionspro.com/main/dashboard/fonts/la-brands-400d41dd41dd41d.html]
[Whaleoptionspro.com/main/dashboard/fonts/la-brands-401.html]
[Whaleoptionspro.com/main/dashboard/fonts/la-brands-402.html]
[Whaleoptionspro.com/main/dashboard/fonts/la-brands-403.html]
[Whaleoptionspro.com/main/dashboard/fonts/la-brands-404.html]
[Whaleoptionspro.com/main/dashboard/fonts/la-regular-400.html]
[Whaleoptionspro.com/main/dashboard/fonts/la-regular-400d41dd41dd41d.html]
[Whaleoptionspro.com/main/dashboard/fonts/la-regular-401.html]
[Whaleoptionspro.com/main/dashboard/fonts/la-regular-402.html]
[Whaleoptionspro.com/main/dashboard/fonts/la-regular-403.html]
[Whaleoptionspro.com/main/dashboard/fonts/la-regular-404.html]
[Whaleoptionspro.com/main/dashboard/fonts/la-solid-900.html]
[Whaleoptionspro.com/main/dashboard/fonts/la-solid-900d41dd41dd41d.html]
[Whaleoptionspro.com/main/dashboard/fonts/la-solid-900.woff2]
[Whaleoptionspro.com/main/dashboard/fonts/la-solid-901.html]
[Whaleoptionspro.com/main/dashboard/fonts/la-solid-902.html]
[Whaleoptionspro.com/main/dashboard/css/line-awesome.min.css]
[Whaleoptionspro.com/main/dashboard/fonts/la-solid-903.html]
[Whaleoptionspro.com/fonts.gstatic.com/index.html]
[Whaleoptionspro.com/fonts.googleapis.com/css261f261f2.css]
[Whaleoptionspro.com/main/dashboard/css/lib/animate.html]
[Whaleoptionspro.com/main/dashboard/css/lib/slick.html]
[Whaleoptionspro.com/main/dashboard/css/lib/magnific-popup.html]
[Whaleoptionspro.com/main/dashboard/css/lib/apexcharts.html]
[Whaleoptionspro.com/main/dashboard/css/main.css]
[Whaleoptionspro.com/main/dashboard/css/icons/arrow-left.html]
[Whaleoptionspro.com/main/dashboard/css/custom.css]
[Whaleoptionspro.com/main/dashboard/css/icons/arrow-down.html]
[Whaleoptionspro.com/main/dashboard/js/jquery-3.6.0.min.js]
[Whaleoptionspro.com/main/dashboard/js/bootstrap.bundle.min.js]
[Whaleoptionspro.com/main/dashboard/js/lib/slick.min.html]
[Whaleoptionspro.com/main/dashboard/js/lib/magnific-popup.min.html]
[Whaleoptionspro.com/main/dashboard/js/lib/apexcharts.min.html]
[Whaleoptionspro.com/main/dashboard/js/main.js]
[Whaleoptionspro.com/main/dashboard/css/iziToast.min.css]
[Whaleoptionspro.com/main/dashboard/js/iziToast.min.js]
[Whaleoptionspro.com/forgot-password.html]
[Whaleoptionspro.com/main/dashboard/webfonts/fa-brands-400.html]
[Whaleoptionspro.com/main/dashboard/webfonts/fa-brands-400d41dd41dd41d.html]
[Whaleoptionspro.com/main/dashboard/webfonts/fa-brands-401.html]
[Whaleoptionspro.com/main/dashboard/webfonts/fa-brands-402.html]
[Whaleoptionspro.com/main/dashboard/webfonts/fa-brands-403.html]
[Whaleoptionspro.com/main/dashboard/webfonts/fa-brands-404.html]
[Whaleoptionspro.com/main/dashboard/webfonts/fa-regular-400.html]
[Whaleoptionspro.com/main/dashboard/webfonts/fa-regular-400d41dd41dd41d.html]
[Whaleoptionspro.com/main/dashboard/webfonts/fa-regular-401.html]
[Whaleoptionspro.com/main/dashboard/webfonts/fa-regular-402.html]
[Whaleoptionspro.com/main/dashboard/webfonts/fa-regular-403.html]
[Whaleoptionspro.com/main/dashboard/webfonts/fa-solid-900.html]
[Whaleoptionspro.com/main/dashboard/webfonts/fa-solid-900d41dd41dd41d.html]
[Whaleoptionspro.com/main/dashboard/webfonts/fa-solid-901.html]
[Whaleoptionspro.com/main/dashboard/webfonts/fa-solid-902.html]
[Whaleoptionspro.com/main/dashboard/webfonts/fa-solid-903.html]
[Whaleoptionspro.com/main/dashboard/fonts/la-brands-400.html]
[Whaleoptionspro.com/main/dashboard/fonts/la-brands-400d41dd41dd41d.html]
[Whaleoptionspro.com/main/dashboard/fonts/la-brands-401.html]
[Whaleoptionspro.com/main/dashboard/fonts/la-brands-402.html]
[Whaleoptionspro.com/main/dashboard/fonts/la-brands-403.html]
[Whaleoptionspro.com/main/dashboard/fonts/la-brands-404.html]
[Whaleoptionspro.com/main/dashboard/fonts/la-regular-400.html]
[Whaleoptionspro.com/main/dashboard/fonts/la-regular-400d41dd41dd41d.html]
[Whaleoptionspro.com/main/dashboard/fonts/la-regular-401.html]
[Whaleoptionspro.com/main/dashboard/fonts/la-regular-402.html]
[Whaleoptionspro.com/main/dashboard/fonts/la-regular-403.html]
[Whaleoptionspro.com/main/dashboard/fonts/la-regular-404.html]
[Whaleoptionspro.com/main/dashboard/fonts/la-solid-900.html]
[Whaleoptionspro.com/main/dashboard/fonts/la-solid-900d41dd41dd41d.html]
[Whaleoptionspro.com/main/dashboard/fonts/la-solid-901.html]
[Whaleoptionspro.com/main/dashboard/fonts/la-solid-902.html]
[Whaleoptionspro.com/main/dashboard/fonts/la-solid-903.html]
[Whaleoptionspro.com/fonts.gstatic.com/index.html]
[Whaleoptionspro.com/fonts.googleapis.com/css261f261f2.html]
[Whaleoptionspro.com/main/dashboard/css/icons/arrow-left.html]
[Whaleoptionspro.com/main/dashboard/css/icons/arrow-down.html]
